citation-like heading line 81013: Job 39:5 -> next: 'a pasture of flocks; where flocks of sheep feed, instead of '
citation-like heading line 359110: Job 29:8 -> next: 'and stood every man at his tent door; none offering to go in'
citation-like heading line 398740: Job 38:41 -> next: 'for they neither sow nor reap, which neither have storehouse'
citation-like heading line 577053: Ephesians 1:1 -> next: 'EPHESIANS: THE EPISTLE OF PAUL THE APOSTLE TO THE'
citation-like heading line 869541: Job 1:1 -> next: 'and of men one hundred thousand; so that they took captive a'
citation-like heading line 918912: Job 7:12 -> next: 'Ps 78:3;'
retitled intro line 50600: Exodus 2 -> Exodus 3 (refs 4:1)
retitled intro line 711751: Exodus 23 -> Numbers 23 (refs 15:0)
retitled intro line 898735: Ezra 5 -> Nehemiah 5 (refs 4:0)
orphan Ver.22 at line 53307: Isaiah 2:22 already has row, dropped
unverified verse block dropped: Isaiah 4:1 (line 54398, head 'Exodus 4:1')
orphan Ver.5 at line 56076 dropped (no KJV match; head 'Ver. 5. That they may believe,.... The elders and people of ')
orphan Ver.10 at line 60017: Isaiah 9:10 already has row, dropped
orphan Ver.21 at line 61108 dropped (no KJV match; head 'Ver. 21. And the Lord said unto Moses,.... At the same time ')
orphan Ver.1 at line 64469 dropped (no KJV match; head 'Ver. 1. And afterwards Moses and Aaron went in, and told Pha')
orphan Ver.2 at line 65031 dropped (no KJV match; head 'Ver. 2. And Pharaoh said, who is the Lord,.... Jehovah, they')
orphan Ver.3 at line 71798 dropped (no KJV match; head 'Ver. 3. And I appeared unto Abraham, unto Isaac, and unto Ja')
orphan Ver.2 at line 77460: Isaiah 29:2 already has row, dropped
orphan Ver.30 at line 78523 dropped (no KJV match; head 'Ver. 30. And Moses said before the Lord, behold, I am of unc')
orphan Ver.1 at line 86969 dropped (no KJV match; head 'Ver. 1. And the Lord spake unto Moses,.... Either whilst the')
orphan Ver.4 at line 88058 dropped (no KJV match; head 'Ver. 4. And the frogs shall come up both on thee, and upon t')
rehomed orphan Ver.1 at line 88687 -> Isaiah 41:1
empty text: ('Isaiah', 42, 20, 42, 20)
rehomed orphan Ver.20 at line 90918 -> Isaiah 42:20
rehomed orphan Ver.1 at line 102615 -> Isaiah 54:1
orphan Ver.30 at line 104754 dropped (no KJV match; head 'Ver. 30. But as for thee, and thy servants,.... Notwithstand')
orphan Ver.17 at line 112499: Isaiah 65:17 already has row, dropped
rehomed orphan Ver.7 at line 117107 -> Jeremiah 3:7
unverified verse block dropped: Jeremiah 7:20 (line 122647, head '{e} De Bello Jud. 1. 6. c. 9. sect. 3. {f} Misn. Pesach. c. ')
empty text: ('Exodus', 12, 6, 12, 6)
rehomed orphan Ver.20 at line 122704 -> Jeremiah 7:20
orphan Ver.6 at line 123215 dropped (no KJV match; head 'Ver. 6. And ye shall keep it up until the fourteenth day of ')
empty text: ('Exodus', 12, 8, 12, 8)
orphan Ver.8 at line 124345 dropped (no KJV match; head 'Ver. 8. And they shall eat the flesh in that night, roast wi')
rehomed orphan Ver.1 at line 126131 -> Jeremiah 11:1
orphan Ver.19 at line 130049 dropped (no KJV match; head 'Ver. 19. Seven days there shall be no leaven found in your h')
orphan Ver.47 at line 139608 dropped (no KJV match; head 'Ver. 47. All the congregation of Israel shall keep it. The p')
orphan Ver.1 at line 140744 dropped (no KJV match; head 'Ver. 1. And the Lord spake unto Moses,.... When he and the I')
orphan Ver.15 at line 140782: Jeremiah 26:15 already has row, dropped
orphan Ver.10 at line 150342: Jeremiah 35:10 already has row, dropped
orphan Ver.6 at line 153727: Jeremiah 39:6 already has row, dropped
orphan Ver.15 at line 182549: Ezekiel 12:15 already has row, dropped
empty text: ('Ezekiel', 13, 6, 13, 6)
rehomed orphan Ver.6 at line 183116 -> Ezekiel 13:6
unverified verse block dropped: Ezekiel 24:23 (line 196644, head 'bands and companies, and for the protection of them from all')
rehomed orphan Ver.23 at line 196703 -> Ezekiel 24:23
unverified verse block dropped: Exodus 18:5 (line 198416, head 'places famous for purple, as Tyre itself afterwards was. The')
orphan Ver.5 at line 198917 dropped (no KJV match; head "Ver. 5. And Jethro, Moses's father in law,.... This is the t")
rehomed orphan Ver.1 at line 199545 -> Ezekiel 28:1
rehomed orphan Ver.1 at line 208007 -> Exodus 19:1
orphan Ver.4 at line 209111 dropped (no KJV match; head 'Ver. 4. Ye have seen what I did to the Egyptians,.... The pl')
orphan Ver.8 at line 211344 dropped (no KJV match; head 'Ver. 8. And all the people answered together,.... By their h')
orphan Ver.2 at line 213050: Ezekiel 41:2 already has row, dropped
unverified verse block dropped: Exodus 19:21 (line 215821, head 'the light of nature; none can open it but the Lion of the tr')
orphan Ver.21 at line 216328 dropped (no KJV match; head 'Ver. 21. And the Lord said unto Moses, go down,,.... As soon')
orphan Ver.32 at line 220841: Ezekiel 48:32 already has row, dropped
orphan Ver.24 at line 223039: Daniel 2:24 already has row, dropped
rehomed orphan Ver.1 at line 224175 -> Daniel 3:1
orphan Ver.1 at line 230815 dropped (no KJV match; head 'Ver. 1. Now these are the judgments,.... The judicial laws r')
orphan Ver.43 at line 237540: Daniel 11:43 already has row, dropped
orphan Ver.23 at line 238559 dropped (no KJV match; head 'Ver. 23. And if any mischief follow,.... According as that i')
orphan Ver.28 at line 240753 dropped (no KJV match; head 'Ver. 28. If an ox gore a man or a woman, that they die,.... ')
orphan Ver.1 at line 244072 dropped (no KJV match; head 'Ver. 1. If a man shall steal an ox or a sheep,.... In which ')
empty text: ('Joel', 1, 2, 1, 2)
rehomed orphan Ver.2 at line 250726 -> Joel 1:2
orphan Ver.15 at line 255735: Amos 2:15 already has row, dropped
unverified verse block dropped: Exodus 23:9 (line 260161, head "{o} Universal History, vol. 1. p. 413. {p} Pocock's Descript")
orphan Ver.9 at line 260676 dropped (no KJV match; head 'Ver. 9. Also thou shall not oppress a stranger,.... As these')
orphan Ver.10 at line 261837: Obadiah 1:10 already has row, dropped
unverified verse block dropped: Exodus 23:21 (line 264594, head 'the improvement the Lord made of this to rebuke Jonah, for h')
rehomed orphan Ver.1 at line 264603 -> Jonah 4:1
orphan Ver.21 at line 265094 dropped (no KJV match; head 'Ver. 21. Beware of him,.... Of his face or countenance; obse')
unverified verse block dropped: Micah 1:12 (line 266154, head 'nor do after their works; the works of the worshippers of id')
rehomed orphan Ver.12 at line 266209 -> Micah 1:12
unverified verse block dropped: Exodus 23:28 (line 266736, head 'lamentation" {d}: a very grievous one; or, "a lamentation th')
orphan Ver.28 at line 267219 dropped (no KJV match; head 'Ver. 28. And I will send hornets before thee,.... Which may ')
orphan Ver.7 at line 269450 dropped (no KJV match; head 'Ver. 7. And the remnant of Jacob shall be in the midst of ma')
unverified verse block dropped: Exodus 24:5 (line 269954, head 'what grievous commandments have I enjoined thee? is there an')
orphan Ver.5 at line 270439 dropped (no KJV match; head 'Ver. 5. And he sent young men of the children Israel,.... To')
orphan Ver.15 at line 273669 dropped (no KJV match; head 'Ver. 15. And Moses went up into the mount,.... To the top of')
duplicate replaced (longer): ('Habakkuk', 1, 1, 1, 1)
rehomed orphan Ver.1 at line 280094 -> Zephaniah 2:1
orphan Ver.5 at line 281087 dropped (no KJV match; head 'Ver. 5. Fifty loops shalt thou make in the one curtain,.... ')
rehomed orphan Ver.1 at line 283310 -> Haggai 2:1
rehomed orphan Ver.1 at line 292904 -> Zechariah 11:1
rehomed orphan Ver.1 at line 294516 -> Zechariah 13:1
rehomed orphan Ver.1 at line 296066 -> Exodus 28:1
unverified verse block dropped: Malachi 1:14 (line 297128, head 'whom I have filled with the spirit of wisdom; for besides a ')
rehomed orphan Ver.14 at line 297186 -> Malachi 1:14
empty text: ('Malachi', 3, 8, 3, 8)
orphan Ver.9 at line 298767 dropped (no KJV match; head 'Ver. 9. And thou shall take two onyx stones,.... called from')
orphan Ver.8 at line 298816 dropped (no KJV match; head 'Ver. 8. Will a man rob God?.... Or "the gods"; the false god')
empty text: ('Matthew', 1, 7, 1, 7)
orphan Ver.7 at line 300427 dropped (no KJV match; head 'Ver. 7. And Solomon begat Roboam,.... Called Rehoboam, /Ki 1')
unverified verse block dropped: Matthew 1:14 (line 300714, head 'See Gill on "Mt 1:13".')
unverified verse block dropped: Matthew 1:15 (line 300716, head 'See Gill on "Mt 1:13".')
unverified verse block dropped: Matthew 2:18 (line 302485, head 'See Gill on "Mt 2:17"')
orphan Ver.27 at line 304173 dropped (no KJV match; head 'Ver. 27. And two other rings of gold thou shalt make,.... Th')
unverified verse block dropped: Matthew 4:15 (line 304874, head 'See Gill on "Mt 4:14"')
rehomed orphan Ver.25 at line 311773 -> Matthew 7:25
rehomed orphan Ver.1 at line 311913 -> Exodus 29:1
unverified verse block dropped: Exodus 29:2 (line 311943, head 'what is he like? to mortar thrown upon bricks; and though bu')
orphan Ver.2 at line 312440 dropped (no KJV match; head 'Ver. 2. And unleavened bread,.... Such as used to be eaten a')
orphan Ver.7 at line 314087: Exodus 29:7 already has row, dropped
unverified verse block dropped: Exodus 29:11 (line 314680, head 'who sought to sow discord between them, and to bring Christ ')
rehomed orphan Ver.11 at line 315190 -> Exodus 29:11
orphan Ver.13 at line 315743: Exodus 29:13 already has row, dropped
unverified verse block dropped: Exodus 29:42 (line 323886, head 'So that the birds of the air come and lodge in the branches ')
rehomed orphan Ver.42 at line 324382 -> Exodus 29:42
unverified verse block dropped: Matthew 13:46 (line 324594, head 'See Gill on "Mt 13:45"')
unverified verse block dropped: Matthew 15:6 (line 327055, head 'See note on Mt 15:5')
orphan Ver.16 at line 330902: Exodus 30:16 already has row, dropped
orphan Ver.11 at line 333645 dropped (no KJV match; head 'Ver. 11. But he said unto them,.... With respect to the infe')
unverified verse block dropped: Exodus 30:31 (line 334740, head 'vines, with trees of righteousness, with pleasant plants, bo')
rehomed orphan Ver.31 at line 335244 -> Exodus 30:31
orphan Ver.1 at line 337979 dropped (no KJV match; head 'Ver. 1. And the Lord spake unto Moses,.... After the Lord ha')
orphan Ver.24 at line 338021 dropped (no KJV match; head 'Ver. 24. And Jesus answered and said unto them,.... Not by r')
orphan Ver.15 at line 342275: Exodus 31:15 already has row, dropped
unverified verse block dropped: Matthew 25:1 (line 347197, head 'observed their ways and works, their carriage and behaviour;')
orphan Ver.1 at line 347254 dropped (no KJV match; head 'Ver. 1. Then shall the kingdom of heaven,.... The Gospel chu')
unverified verse block dropped: Exodus 32:25 (line 352630, head 'Roman soldiers, Judas brought with him to take Christ, are h')
rehomed orphan Ver.25 at line 353101 -> Exodus 32:25
empty text: ('Exodus', 32, 31, 32, 31)
rehomed orphan Ver.31 at line 355265 -> Exodus 32:31
unverified verse block dropped: Matthew 27:31 (line 355802, head 'predestinated or ordained to eternal life ever perish: but s')
orphan Ver.31 at line 355859 dropped (no KJV match; head 'Ver. 31. And after that they had mocked him,.... Gone throug')
unverified verse block dropped: Exodus 33:7 (line 358063, head 'righteousness justifies from all sin; nor of the law, its me')
rehomed orphan Ver.7 at line 358554 -> Exodus 33:7
orphan Ver.4 at line 362482 dropped (no KJV match; head 'Ver. 4. And it came to pass, as he sowed,.... Whilst he was ')
orphan Ver.21 at line 364095 dropped (no KJV match; head 'Ver. 21. And the Lord said, behold, [there is] a place by me')
orphan Ver.28 at line 368631 dropped (no KJV match; head 'Ver. 28. And she answered and said unto him, yes, Lord,.... ')
orphan Ver.5 at line 370319 dropped (no KJV match; head 'Ver. 5. And Peter answered and said to Jesus,.... He address')
unverified verse block dropped: Exodus 34:19 (line 371454, head 'This whole clause is left out in the Syriac, Persic, and Eth')
rehomed orphan Ver.19 at line 371980 -> Exodus 34:19
empty text: ('Exodus', 35, 2, 35, 2)
rehomed orphan Ver.2 at line 377718 -> Exodus 35:2
empty text: ('Exodus', 35, 4, 35, 4)
empty text: ('Mark', 15, 29, 15, 29)
rehomed orphan Ver.4 at line 378876 -> Exodus 35:4
orphan Ver.29 at line 378933 dropped (no KJV match; head 'Ver. 29. And they that passed by,.... In the road, and went ')
unverified verse block dropped: Exodus 35:35 (line 384585, head 'to raise up children unto Abraham; which need not be thought')
orphan Ver.35 at line 385108 dropped (no KJV match; head 'Ver. 35. Them hath he filled with wisdom of heart,.... Or wi')
orphan Ver.14 at line 387934 dropped (no KJV match; head 'Ver. 14. See Gill on "Ex 36:8"')
orphan Ver.22 at line 388500 dropped (no KJV match; head 'Ver. 22. See Gill on "Ex 36:8"')
unverified verse block dropped: Exodus 37:29 (line 391458, head 'that though she had been a great sinner, yet she was now not')
orphan Ver.29 at line 391970 dropped (no KJV match; head 'Ver. 29. See Gill on "Ex 37:1".\n\nExodus 38:1')
empty text: ('Exodus', 38, 5, 38, 5)
orphan Ver.5 at line 392542 dropped (no KJV match; head 'Ver. 5. See Gill on "Ex 38:1".')
orphan Ver.9 at line 393703: Exodus 38:9 already has row, dropped
orphan Ver.16 at line 394278 dropped (no KJV match; head 'Ver. 16. See Gill on "Ex 38:9".')
orphan Ver.23 at line 395461 dropped (no KJV match; head 'Ver. 23. And he turned him unto his disciples,.... Both to t')
orphan Ver.28 at line 396534: Exodus 38:28 already has row, dropped
empty text: ('Exodus', 38, 31, 38, 31)
rehomed orphan Ver.31 at line 397097 -> Exodus 38:31
unverified verse block dropped: Exodus 39:4 (line 397719, head 'one {a}.\n\n{z} Misn Parah. c. 3. sect. 2. Maimon. Hilch. Para')
orphan Ver.4 at line 398246 dropped (no KJV match; head 'Ver. 4. See Gill on "Ex 39:2".')
orphan Ver.34 at line 400520 dropped (no KJV match; head 'Ver. 34. See Gill on "Ex 39:33".')
rehomed orphan Ver.1 at line 401665 -> Exodus 40:1
empty text: ('Exodus', 40, 8, 40, 8)
rehomed orphan Ver.8 at line 402800 -> Exodus 40:8
orphan Ver.27 at line 405529: Exodus 40:27 already has row, dropped
orphan Ver.31 at line 406086: Exodus 40:31 already has row, dropped
orphan Ver.38 at line 407772: Exodus 40:38 already has row, dropped
unverified verse block dropped: Luke 20:26 (line 412303, head 'to foot.\n\n{p} Hilchot Korbanot, c. 5. sect. 18. {q} Ib. c. 6')
orphan Ver.26 at line 412359 dropped (no KJV match; head 'Ver. 26. And they could not take hold of his words before th')
orphan Ver.47 at line 415180 dropped (no KJV match; head 'Ver. 47. And while he yet spake,.... The above words to his ')
orphan Ver.22 at line 423630 dropped (no KJV match; head 'Ver. 22. When therefore he was risen from the dead,.... Whic')
orphan Ver.11 at line 425250: Leviticus 3:11 already has row, dropped
orphan Ver.20 at line 431409 dropped (no KJV match; head 'Ver. 20. See Gill on "Le 4:16".')
unverified verse block dropped: Leviticus 5:16 (line 439337, head 'we know not from whence he is; contradicting what others of ')
rehomed orphan Ver.16 at line 439841 -> Leviticus 5:16
orphan Ver.1 at line 440975 dropped (no KJV match; head 'Ver. 1. And the Lord spake unto Moses,.... Continuing his sp')
orphan Ver.15 at line 447161: Leviticus 6:15 already has row, dropped
orphan Ver.10 at line 453218: Leviticus 7:10 already has row, dropped
unverified verse block dropped: Leviticus 7:27 (line 457189, head '{i} Misn. Moed Katon, c. 1. sect. 6. {k} Maimon. & Bartenora')
rehomed orphan Ver.27 at line 457699 -> Leviticus 7:27
unverified verse block dropped: Acts 1:8 (line 459922, head 'and of the sin offering; as in Le 6:25: and of the trespass ')
orphan Ver.1 at line 460509 dropped (no KJV match; head 'Ver. 1. And the Lord spake unto Moses,.... The following sec')
unverified verse block dropped: Leviticus 8:5 (line 461077, head '2. & Juchasin, fol. 108. 1. {c} Stromat, 1. 4. p. 488.')
rehomed orphan Ver.5 at line 461587 -> Leviticus 8:5
orphan Ver.28 at line 462772 dropped (no KJV match; head 'Ver. 28. Thou hast made known to me the ways of life,.... Th')
orphan Ver.32 at line 467230: Leviticus 8:32 already has row, dropped
orphan Ver.36 at line 468363: Leviticus 8:36 already has row, dropped
unverified verse block dropped: Leviticus 9:2 (line 468407, head 'Hence many of them doubtless settled here, and had a synagog')
rehomed orphan Ver.2 at line 468937 -> Leviticus 9:2
empty text: ('Leviticus', 9, 18, 9, 18)
orphan Ver.8 at line 471827 dropped (no KJV match; head 'Ver. 8. And there was great joy in that city. Both on a spir')
empty text: ('Acts', 8, 25, 8, 25)
rehomed orphan Ver.18 at line 472334 -> Leviticus 9:18
orphan Ver.25 at line 472386 dropped (no KJV match; head 'Ver. 25. And they, when they had testified, &c. That is, Sim')
unverified verse block dropped: Leviticus 9:24 (line 473476, head 'direction,\n\nthat if he found any of this way; of thinking; t')
rehomed orphan Ver.24 at line 474001 -> Leviticus 9:24
orphan Ver.43 at line 475168 dropped (no KJV match; head 'Ver. 43. And it came to pass,.... Or so it was;\n\nthat he tar')
rehomed orphan Ver.1 at line 482972 -> Leviticus 11:1
orphan Ver.8 at line 486852: Leviticus 11:8 already has row, dropped
orphan Ver.45 at line 503493: Leviticus 11:45 already has row, dropped
orphan Ver.2 at line 504586: Leviticus 12:2 already has row, dropped
rehomed orphan Ver.1 at line 505204 -> Romans 2:1
rehomed orphan Ver.1 at line 507975 -> Romans 4:1
rehomed orphan Ver.1 at line 509163 -> Romans 5:1
orphan Ver.4 at line 509600 dropped (no KJV match; head 'Ver. 4. If the bright spot be white in the skin of his flesh')
empty text: ('Romans', 5, 17, 5, 17)
empty text: ('Leviticus', 13, 7, 13, 7)
rehomed orphan Ver.17 at line 510204 -> Romans 5:17
orphan Ver.7 at line 510691 dropped (no KJV match; head 'Ver. 7. But if the scab spread much abroad in the skin,.... ')
empty text: ('Leviticus', 13, 28, 13, 28)
orphan Ver.30 at line 515607: Romans 8:30 already has row, dropped
orphan Ver.28 at line 516100 dropped (no KJV match; head 'Ver. 28. And if the bright spot stay in his place, [and] spr')
unverified verse block dropped: Romans 10:7 (line 519100, head 'See Gill on "Ro 10:6".')
rehomed orphan Ver.1 at line 520113 -> Romans 11:1
orphan Ver.5 at line 527590 dropped (no KJV match; head 'Ver. 5. And the priest shall command that one of the birds b')
unverified verse block dropped: Leviticus 14:14 (line 530897, head 'he himself had been the ruin of; hereby sin was condemned, a')
orphan Ver.14 at line 531401 dropped (no KJV match; head 'Ver. 14. And the priest shall take [some] of the blood of th')
orphan Ver.15 at line 531950 dropped (no KJV match; head 'Ver. 15. And the priest shall take [some] of the log of oil,')
orphan Ver.29 at line 535273 dropped (no KJV match; head "Ver. 29. And the rest of the oil that [is] in the priest's h")
rehomed orphan Ver.1 at line 536557 -> 1 Corinthians 7:1
orphan Ver.46 at line 539728 dropped (no KJV match; head 'Ver. 46. Moreover, he that goeth into the house all the whil')
rehomed orphan Ver.1 at line 542592 -> 1 Corinthians 11:1
orphan Ver.10 at line 543605 dropped (no KJV match; head 'Ver. 10. And whosoever toucheth anything that was under him ')
orphan Ver.12 at line 544154 dropped (no KJV match; head 'Ver. 12. And the vessel of earth that he toucheth which hath')
orphan Ver.1 at line 547017 dropped (no KJV match; head 'Ver. 1. Follow after charity,.... The apostle having so high')
orphan Ver.1 at line 549162 dropped (no KJV match; head 'Ver. 1. And the Lord spake unto Moses, after the death of th')
orphan Ver.19 at line 554106: 2 Corinthians 1:19 already has row, dropped
orphan Ver.14 at line 556235 dropped (no KJV match; head 'Ver. 14. And he shall take of the blood of the bullock,.... ')
unverified verse block dropped: Leviticus 16:24 (line 561186, head 'nothing will.')
orphan Ver.24 at line 561688 dropped (no KJV match; head 'Ver. 24. And he shall wash his flesh with water in the holy ')
orphan Ver.7 at line 569408: Galatians 2:7 already has row, dropped
orphan Ver.20 at line 579712 dropped (no KJV match; head 'Ver. 20. Moreover, thou shalt not lie carnally with thy neig')
no KJV-valid Ver.1 in chapintro Leviticus 19 (line 582460); verse 1 left missing
rehomed orphan Ver.1 at line 582986 -> Leviticus 19:1
unverified verse block dropped: Leviticus 19:4 (line 583559, head 'God, and presented them to holy, unblamable, and unreproveab')
orphan Ver.4 at line 584069 dropped (no KJV match; head 'Ver. 4. Turn ye not unto idols,.... From the one only true a')
rehomed orphan Ver.1 at line 591705 -> Colossians 1:1
empty text: ('Colossians', 1, 21, 1, 21)
rehomed orphan Ver.21 at line 593288 -> Colossians 1:21
rehomed orphan Ver.1 at line 595979 -> Colossians 3:1
orphan Ver.11 at line 596523: Colossians 3:11 already has row, dropped
orphan Ver.1 at line 598112 dropped (no KJV match; head 'Ver. 1. And the Lord spake unto Moses,.... After he had deli')
orphan Ver.6 at line 598712: 1 Thessalonians 1:6 already has row, dropped
empty text: ('Leviticus', 21, 4, 21, 4)
unverified verse block dropped: 2 Timothy 2:25 (line 615157, head '"or he that has no hair on his eyebrows,"\n\njust the reverse ')
rehomed orphan Ver.25 at line 615212 -> 2 Timothy 2:25
orphan Ver.11 at line 617971: Titus 1:11 already has row, dropped
no KJV-valid Ver.1 in chapintro Hebrews 4 (line 623830); verse 1 left missing
orphan Ver.7 at line 628290 dropped (no KJV match; head 'Ver. 7. In the first day ye shall have an holy convocation,.')
rehomed orphan Ver.1 at line 632708 -> Hebrews 11:1
orphan Ver.37 at line 638715 dropped (no KJV match; head 'Ver. 37. These [are] the feasts of the Lord,.... Besides the')
orphan Ver.1 at line 641541 dropped (no KJV match; head 'Ver. 1. From whence come wars and fightings among you?.... W')
orphan Ver.15 at line 645822 dropped (no KJV match; head 'Ver. 15. And thou shalt speak unto the children of Israel,..')
rehomed orphan Ver.1 at line 648022 -> Leviticus 25:1
rehomed orphan Ver.1 at line 648611 -> 1 Peter 4:1
duplicate dropped: ('1 Peter', 1, 0, 1, 0)
duplicate dropped: ('1 Peter', 1, 1, 1, 1)
rehomed orphan Ver.3 at line 656422 -> 1 John 2:3
orphan Ver.40 at line 660362 dropped (no KJV match; head 'Ver. 40. [But] as an hired servant,.... Who is hired by the ')
rehomed orphan Ver.1 at line 663163 -> Jude 1:1
empty text: ('Revelation', 1, 4, 1, 4)
duplicate replaced (longer): ('Leviticus', 26, 1, 26, 1)
unverified verse block dropped: Leviticus 26:30 (line 672881, head 'Emperor Julian; though the church was not free from the wind')
orphan Ver.30 at line 673381 dropped (no KJV match; head 'Ver. 30. And I will destroy your high places,.... Which Jarc')
unverified verse block dropped: Leviticus 26:31 (line 673427, head 'inscription on it, "Judaea capta", Judea is taken. And when ')
orphan Ver.31 at line 673922 dropped (no KJV match; head 'Ver. 31. I will make your cities waste,.... By suffering the')
orphan Ver.35 at line 675011 dropped (no KJV match; head 'Ver. 35. As long as it lieth desolate it shall rest,.... Fro')
unverified verse block dropped: Revelation 10:4 (line 676100, head '{b} In Torat Cohanim, ut supra. (par. 1. fol. 197. 2.)')
rehomed orphan Ver.4 at line 676158 -> Revelation 10:4
orphan Ver.1 at line 679339 dropped (no KJV match; head 'Ver. 1. And the Lord spake unto Moses,.... After he had deli')
orphan Ver.11 at line 682636 dropped (no KJV match; head 'Ver. 11. And if [it be] any unclean beast, of which they do ')
orphan Ver.14 at line 683174 dropped (no KJV match; head 'Ver. 14. And when a man shall sanctify his house [to be] hol')
rehomed orphan Ver.1 at line 686565 -> Revelation 19:1
rehomed orphan Ver.1 at line 691492 -> Numbers 1:1
rehomed orphan Ver.29 at line 719989 -> Numbers 34:29
unverified verse block dropped: Judges 5:16 (line 771975, head 'This tribe abounded with flocks and herds, and therefore cho')
empty text: ('Ruth', 1, 22, 1, 22)
orphan Ver.2 at line 787523 dropped (no KJV match; head 'Ver. 2. So Naomi returned,.... Aben, Ezra thinks this is to ')
no KJV-valid Ver.1 in chapintro 1 Chronicles 1 (line 866925); verse 1 left missing
no KJV-valid Ver.1 in chapintro 1 Chronicles 10 (line 872075); verse 1 left missing
no KJV-valid Ver.1 in chapintro 2 Chronicles 10 (line 881092); verse 1 left missing
empty text: ('2 Chronicles', 18, 0, 18, 0)
no KJV-valid Ver.1 in chapintro Psalms 4 (line 953975); verse 1 left missing
no KJV-valid Ver.1 in chapintro Psalms 5 (line 954472); verse 1 left missing
no KJV-valid Ver.1 in chapintro Psalms 7 (line 955561); verse 1 left missing
no KJV-valid Ver.1 in chapintro Psalms 36 (line 972917); verse 1 left missing
no KJV-valid Ver.1 in chapintro Psalms 39 (line 975014); verse 1 left missing
no KJV-valid Ver.1 in chapintro Psalms 46 (line 978734); verse 1 left missing
no KJV-valid Ver.1 in chapintro Psalms 47 (line 979179); verse 1 left missing
no KJV-valid Ver.1 in chapintro Psalms 53 (line 982766); verse 1 left missing
no KJV-valid Ver.1 in chapintro Psalms 55 (line 983225); verse 1 left missing
no KJV-valid Ver.1 in chapintro Psalms 56 (line 984059); verse 1 left missing
no KJV-valid Ver.1 in chapintro Psalms 61 (line 986778); verse 1 left missing
no KJV-valid Ver.1 in chapintro Psalms 63 (line 987548); verse 1 left missing
no KJV-valid Ver.1 in chapintro Psalms 70 (line 992863); verse 1 left missing
no KJV-valid Ver.1 in chapintro Psalms 75 (line 996582); verse 1 left missing
no KJV-valid Ver.1 in chapintro Psalms 88 (line 1004997); verse 1 left missing
